Microchip MPLAB XC8 Compiler V2.40

Linker command line:

-W-3 \
  --edf=C:\Program Files\Microchip\xc8\v2.40\pic\dat\20220703182018_en.msgs \
  -cn -h+dist/default/production\SeniorDeisgnpickit4.X.production.sym \
  --cmf=dist/default/production\SeniorDeisgnpickit4.X.production.cmf -z \
  -Q18F46J50 -oC:\Users\fredn\AppData\Local\Temp\xcAsh0o.4 \
  --defsym=__MPLAB_BUILD=1 --fixupoverflow=error \
  -Mdist/default/production/SeniorDeisgnpickit4.X.production.map \
  --md=C:\Users\fredn\AppData\Local\Temp\xcAsh0o.dat -E1 -ver=XC8 Compiler \
  --acfsm=1493 -ACODE=00h-0FFF7h -ACONST=00h-0FFF7h \
  -ASMALLCONST=01000h-010FFhx239,0FF00h-0FFF7h -AMEDIUMCONST=01000h-0FFF7h \
  -ACOMRAM=01h-05Fh -AABS1=00h-0EBFh -ABIGRAM=01h-0EBFh \
  -ARAM=060h-0FFh,0100h-01FFhx13,0E00h-0EBFh -ABANK0=060h-0FFh \
  -ABANK1=0100h-01FFh -ABANK2=0200h-02FFh -ABANK3=0300h-03FFh \
  -ABANK4=0400h-04FFh -ABANK5=0500h-05FFh -ABANK6=0600h-06FFh \
  -ABANK7=0700h-07FFh -ABANK8=0800h-08FFh -ABANK9=0900h-09FFh \
  -ABANK10=0A00h-0AFFh -ABANK11=0B00h-0BFFh -ABANK12=0C00h-0CFFh \
  -ABANK13=0D00h-0DFFh -ABANK14=0E00h-0EBFh \
  -ASFR=0EC0h-0EFFh,0F00h-0F5Fh,0F60h-0FFFh -ABIGSFR=0EC0h-0FFFh \
  -ACONFIG=0FFF8h-0FFFFh -preset_vec=00h,intcode,intcodelo,powerup,init \
  -pramtop=01000h -psmallconst=SMALLCONST -pmediumconst=MEDIUMCONST \
  -pconst=CONST -AFARRAM=00h-00h -pjflash_buffer=0F800h \
  -prdata=COMRAM,nvrram=COMRAM,nvbit=COMRAM,rbss=COMRAM,rbit=COMRAM \
  -pfarbss=FARRAM,fardata=FARRAM,nvFARRAM=FARRAM \
  -pintsave_regs=BIGRAM,bigbss=BIGRAM,bigdata=BIGRAM -pbss=RAM \
  -pidata=CODE,irdata=CODE,ibigdata=CODE,ifardata=CODE -prparam=COMRAM \
  C:\Users\fredn\AppData\Local\Temp\xcAsh0o.o \
  dist/default/production\SeniorDeisgnpickit4.X.production.o 

Object code version is 3.11

Machine type is 18F46J50



                Name                               Link     Load   Length Selector   Space Scale
C:\Users\fredn\AppData\Local\Temp\xcAsh0o.o
                config                             FFF8     FFF8        8        0       4
                init                                  0        0        4        0       0
dist/default/production\SeniorDeisgnpickit4.X.production.o
                config                             FFF8     FFF8        8        0       4
                text18                             E90A     E90A      4C0     7485       0
                text17                             D606     D606       46     6B03       0
                text16                             D5C6     D5C6       40     6AE3       0
                text15                             E146     E146      39A     70A3       0
                text14                             E4E0     E4E0      42A     7270       0
                text13                             DACA     DACA       FE     6D65       0
                text12                             EDCA     EDCA      694     76E5       0
                text11                             D93A     D93A       AA     6C9D       0
                text10                             DBC8     DBC8      104     6DE4       0
                text9                              DCCC     DCCC      106     6E66       0
                text8                              DDD2     DDD2      1B4     6EE9       0
                text7                              DF86     DF86      1C0     6FC3       0
                text6                              D6B6     D6B6       7E     6B5B       0
                text5                              D734     D734       7E     6B9A       0
                text4                              D7B2     D7B2       7E     6BD9       0
                text3                              D830     D830       7E     6C18       0
                text2                              D8AE     D8AE       8C     6C57       0
                text1                              F45E     F45E      B9A     7A2F       0
                text0                              D64C     D64C       6A     6B26       0
                cstackCOMRAM                          1        1       5E        1       1
                cstackBANK0                          60       60       41       60       1
                cstackBANK1                         100      100       E8      100       1
                dataBANK2                           200      200       E6      200       1
                bssBANK0                             A1       A1       14       60       1
                cinit                              D594     D594       32     6ACA       0
                idataBANK2                         D9E4     D9E4       E6     D9E4       0

TOTAL           Name                               Link     Load   Length     Space
        CLASS   CODE           
                init                                  0        0        4         0
                text18                             E90A     E90A      4C0         0
                text17                             D606     D606       46         0
                text16                             D5C6     D5C6       40         0
                text15                             E146     E146      39A         0
                text14                             E4E0     E4E0      42A         0
                text13                             DACA     DACA       FE         0
                text12                             EDCA     EDCA      694         0
                text11                             D93A     D93A       AA         0
                text10                             DBC8     DBC8      104         0
                text9                              DCCC     DCCC      106         0
                text8                              DDD2     DDD2      1B4         0
                text7                              DF86     DF86      1C0         0
                text6                              D6B6     D6B6       7E         0
                text5                              D734     D734       7E         0
                text4                              D7B2     D7B2       7E         0
                text3                              D830     D830       7E         0
                text2                              D8AE     D8AE       8C         0
                text1                              F45E     F45E      B9A         0
                text0                              D64C     D64C       6A         0
                cinit                              D594     D594       32         0
                idataBANK2                         D9E4     D9E4       E6         0

        CLASS   CONST          

        CLASS   SMALLCONST     

        CLASS   MEDIUMCONST    

        CLASS   COMRAM         
                cstackCOMRAM                          1        1       5E         1

        CLASS   ABS1           

        CLASS   BIGRAM         

        CLASS   RAM            

        CLASS   BANK0          
                cstackBANK0                          60       60       41         1
                bssBANK0                             A1       A1       14         1

        CLASS   BANK1          
                cstackBANK1                         100      100       E8         1

        CLASS   BANK2          
                dataBANK2                           200      200       E6         1

        CLASS   BANK3          

        CLASS   BANK4          

        CLASS   BANK5          

        CLASS   BANK6          

        CLASS   BANK7          

        CLASS   BANK8          

        CLASS   BANK9          

        CLASS   BANK10         

        CLASS   BANK11         

        CLASS   BANK12         

        CLASS   BANK13         

        CLASS   BANK14         

        CLASS   SFR            

        CLASS   BIGSFR         

        CLASS   CONFIG         
                config                             FFF8     FFF8        8         4

        CLASS   FARRAM         

        CLASS   HEAP           

        CLASS   STACK          

        CLASS   IDLOC          



SEGMENTS        Name                           Load    Length   Top    Selector   Space  Class

                reset_vec                      000000  000004  000004         0       0  CODE    
                cstackCOMRAM                   000001  00005E  00005F         1       1  COMRAM  
                cstackBANK0                    000060  000055  0000B5        60       1  BANK0   
                cstackBANK1                    000100  0000E8  0001E8       100       1  BANK1   
                dataBANK2                      000200  0000E6  0002E6       200       1  BANK2   
                cinit                          00D594  000032  00D5C6      6ACA       0  CODE    
                text16                         00D5C6  000040  00D606      6AE3       0  CODE    
                text17                         00D606  000046  00D64C      6B03       0  CODE    
                text0                          00D64C  00006A  00D6B6      6B26       0  CODE    
                text6                          00D6B6  00007E  00D734      6B5B       0  CODE    
                text5                          00D734  00007E  00D7B2      6B9A       0  CODE    
                text4                          00D7B2  00007E  00D830      6BD9       0  CODE    
                text3                          00D830  00007E  00D8AE      6C18       0  CODE    
                text2                          00D8AE  00008C  00D93A      6C57       0  CODE    
                text11                         00D93A  0000AA  00D9E4      6C9D       0  CODE    
                idataBANK2                     00D9E4  0000E6  00DACA      D9E4       0  CODE    
                text13                         00DACA  0000FE  00DBC8      6D65       0  CODE    
                text10                         00DBC8  000104  00DCCC      6DE4       0  CODE    
                text9                          00DCCC  000106  00DDD2      6E66       0  CODE    
                text8                          00DDD2  0001B4  00DF86      6EE9       0  CODE    
                text7                          00DF86  0001C0  00E146      6FC3       0  CODE    
                text15                         00E146  00039A  00E4E0      70A3       0  CODE    
                text14                         00E4E0  00042A  00E90A      7270       0  CODE    
                text18                         00E90A  0004C0  00EDCA      7485       0  CODE    
                text12                         00EDCA  000694  00F45E      76E5       0  CODE    
                text1                          00F45E  000B9A  00FFF8      7A2F       0  CODE    


UNUSED ADDRESS RANGES

        Name                Unused          Largest block    Delta
        BANK0            000B5-000FF              4B
        BANK1            001E8-001FF              18
        BANK10           00A00-00AFF             100
        BANK11           00B00-00BFF             100
        BANK12           00C00-00CFF             100
        BANK13           00D00-00DFF             100
        BANK14           00E00-00EBF              C0
        BANK2            002E6-002FF              1A
        BANK3            00300-003FF             100
        BANK4            00400-004FF             100
        BANK5            00500-005FF             100
        BANK6            00600-006FF             100
        BANK7            00700-007FF             100
        BANK8            00800-008FF             100
        BANK9            00900-009FF             100
        BIGRAM           0005F-0005F               1
                         000B5-000FF              4B
                         001E8-001FF              18
                         002E6-00EBF             BDA
        BIGSFR           00EC0-00FFF             140
        CODE             00004-0D593            D590
        COMRAM           0005F-0005F               1
        CONST            00004-0D593            D590
        MEDIUMCONST      01000-0D593            C594
        RAM              000B5-000FF              4B
                         001E8-001FF              18
                         002E6-00EBF             100
        SFR              00EC0-00FFF              60
        SMALLCONST       01000-0D593             100

                                  Symbol Table

?___fladd                  cstackCOMRAM  00001
?___fldiv                  cstackCOMRAM  0001A
?___flmul                  cstackCOMRAM  00001
?___flsub                  cstackCOMRAM  00011
?___fltol                  cstackCOMRAM  00001
?___fpclassifyf            cstackCOMRAM  00001
?___xxtofl                 cstackCOMRAM  0000F
?_abs                      cstackCOMRAM  0000B
?_fmodf                    cstackCOMRAM  00033
?_mmaxisconversion         cstackCOMRAM  00033
_PORTB                     (abs)         00F81
_PORTC                     (abs)         00F82
_PORTD                     (abs)         00F83
_PORTE                     (abs)         00F84
_TRISB                     (abs)         00F93
_TRISC                     (abs)         00F94
_TRISD                     (abs)         00F95
_TRISE                     (abs)         00F96
__HRAM                     (abs)         00000
__Habs1                    abs1          00000
__Hbank0                   bank0         00000
__Hbank1                   bank1         00000
__Hbank10                  bank10        00000
__Hbank11                  bank11        00000
__Hbank12                  bank12        00000
__Hbank13                  bank13        00000
__Hbank14                  bank14        00000
__Hbank2                   bank2         00000
__Hbank3                   bank3         00000
__Hbank4                   bank4         00000
__Hbank5                   bank5         00000
__Hbank6                   bank6         00000
__Hbank7                   bank7         00000
__Hbank8                   bank8         00000
__Hbank9                   bank9         00000
__Hbigbss                  bigbss        00000
__Hbigdata                 bigdata       00000
__Hbigram                  bigram        00000
__Hbigsfr                  bigsfr        00000
__Hbss                     bss           00000
__HbssBANK0                bssBANK0      00000
__Hcinit                   cinit         00000
__Hclrtext                 clrtext       00000
__Hcomram                  comram        00000
__Hconfig                  config        10000
__Hconst                   const         00000
__HcstackBANK0             cstackBANK0   00000
__HcstackBANK1             cstackBANK1   00000
__HcstackCOMRAM            cstackCOMRAM  00000
__Hdata                    data          00000
__HdataBANK2               dataBANK2     00000
__Hfarbss                  farbss        00000
__Hfardata                 fardata       00000
__Hheap                    heap          00000
__Hibigdata                ibigdata      00000
__Hidata                   idata         00000
__HidataBANK2              idataBANK2    00000
__Hidloc                   idloc         00000
__Hifardata                ifardata      00000
__Hinit                    init          00004
__Hintcode                 intcode       00000
__Hintcode_body            intcode_body  00000
__Hintcodelo               intcodelo     00000
__Hintentry                intentry      00000
__Hintret                  intret        00000
__Hintsave_regs            intsave_regs  00000
__Hirdata                  irdata        00000
__Hjflash_buffer           jflash_buffer 0F800
__Hmediumconst             mediumconst   00000
__HnvFARRAM                nvFARRAM      00000
__Hnvbit                   nvbit         00000
__Hnvrram                  nvrram        00000
__Hparam                   rparam        00000
__Hpowerup                 powerup       00000
__Hram                     ram           00000
__Hramtop                  ramtop        01000
__Hrbit                    rbit          00000
__Hrbss                    rbss          00000
__Hrdata                   rdata         00000
__Hreset_vec               reset_vec     00000
__Hrparam                  rparam        00000
__Hsfr                     sfr           00000
__Hsmallconst              smallconst    00000
__Hspace_0                 (abs)         0FFF8
__Hspace_1                 (abs)         002E6
__Hspace_2                 (abs)         00000
__Hspace_4                 (abs)         1FFF8
__Hstack                   stack         00000
__Hstruct                  struct        00000
__Htemp                    temp          00000
__Htext                    text          00000
__Htext0                   text0         00000
__Htext1                   text1         00000
__Htext10                  text10        00000
__Htext11                  text11        00000
__Htext12                  text12        00000
__Htext13                  text13        00000
__Htext14                  text14        00000
__Htext15                  text15        00000
__Htext16                  text16        00000
__Htext17                  text17        00000
__Htext18                  text18        00000
__Htext2                   text2         00000
__Htext3                   text3         00000
__Htext4                   text4         00000
__Htext5                   text5         00000
__Htext6                   text6         00000
__Htext7                   text7         00000
__Htext8                   text8         00000
__Htext9                   text9         00000
__LRAM                     (abs)         00001
__Labs1                    abs1          00000
__Lbank0                   bank0         00000
__Lbank1                   bank1         00000
__Lbank10                  bank10        00000
__Lbank11                  bank11        00000
__Lbank12                  bank12        00000
__Lbank13                  bank13        00000
__Lbank14                  bank14        00000
__Lbank2                   bank2         00000
__Lbank3                   bank3         00000
__Lbank4                   bank4         00000
__Lbank5                   bank5         00000
__Lbank6                   bank6         00000
__Lbank7                   bank7         00000
__Lbank8                   bank8         00000
__Lbank9                   bank9         00000
__Lbigbss                  bigbss        00000
__Lbigdata                 bigdata       00000
__Lbigram                  bigram        00000
__Lbigsfr                  bigsfr        00000
__Lbss                     bss           00000
__LbssBANK0                bssBANK0      00000
__Lcinit                   cinit         00000
__Lclrtext                 clrtext       00000
__Lcomram                  comram        00000
__Lconfig                  config        00000
__Lconst                   const         00000
__LcstackBANK0             cstackBANK0   00000
__LcstackBANK1             cstackBANK1   00000
__LcstackCOMRAM            cstackCOMRAM  00000
__Ldata                    data          00000
__LdataBANK2               dataBANK2     00000
__Lfarbss                  farbss        00000
__Lfardata                 fardata       00000
__Lheap                    heap          00000
__Libigdata                ibigdata      00000
__Lidata                   idata         00000
__LidataBANK2              idataBANK2    00000
__Lidloc                   idloc         00000
__Lifardata                ifardata      00000
__Linit                    init          00000
__Lintcode                 intcode       00000
__Lintcode_body            intcode_body  00000
__Lintcodelo               intcodelo     00000
__Lintentry                intentry      00000
__Lintret                  intret        00000
__Lintsave_regs            intsave_regs  00000
__Lirdata                  irdata        00000
__Ljflash_buffer           jflash_buffer 0F800
__Lmediumconst             mediumconst   00000
__LnvFARRAM                nvFARRAM      00000
__Lnvbit                   nvbit         00000
__Lnvrram                  nvrram        00000
__Lparam                   rparam        00000
__Lpowerup                 powerup       00000
__Lram                     ram           00000
__Lramtop                  ramtop        01000
__Lrbit                    rbit          00000
__Lrbss                    rbss          00000
__Lrdata                   rdata         00000
__Lreset_vec               reset_vec     00000
__Lrparam                  rparam        00000
__Lsfr                     sfr           00000
__Lsmallconst              smallconst    00000
__Lspace_0                 (abs)         00000
__Lspace_1                 (abs)         00000
__Lspace_2                 (abs)         00000
__Lspace_4                 (abs)         00000
__Lstack                   stack         00000
__Lstruct                  struct        00000
__Ltemp                    temp          00000
__Ltext                    text          00000
__Ltext0                   text0         00000
__Ltext1                   text1         00000
__Ltext10                  text10        00000
__Ltext11                  text11        00000
__Ltext12                  text12        00000
__Ltext13                  text13        00000
__Ltext14                  text14        00000
__Ltext15                  text15        00000
__Ltext16                  text16        00000
__Ltext17                  text17        00000
__Ltext18                  text18        00000
__Ltext2                   text2         00000
__Ltext3                   text3         00000
__Ltext4                   text4         00000
__Ltext5                   text5         00000
__Ltext6                   text6         00000
__Ltext7                   text7         00000
__Ltext8                   text8         00000
__Ltext9                   text9         00000
__S0                       (abs)         0FFF8
__S1                       (abs)         002E6
__S4                       (abs)         00000
___fladd                   text18        0E90A
___fladd@a                 cstackCOMRAM  00005
___fladd@aexp              cstackCOMRAM  0000E
___fladd@b                 cstackCOMRAM  00001
___fladd@bexp              cstackCOMRAM  0000F
___fladd@grs               cstackCOMRAM  00010
___fladd@signs             cstackCOMRAM  0000D
___fldiv                   text15        0E146
___fldiv@a                 cstackCOMRAM  0001E
___fldiv@aexp              cstackCOMRAM  00032
___fldiv@b                 cstackCOMRAM  0001A
___fldiv@bexp              cstackCOMRAM  00031
___fldiv@grs               cstackCOMRAM  0002D
___fldiv@new_exp           cstackCOMRAM  0002B
___fldiv@rem               cstackCOMRAM  00026
___fldiv@sign              cstackCOMRAM  0002A
___fleq                    text11        0D93A
___fleq@ff1                cstackCOMRAM  00001
___fleq@ff2                cstackCOMRAM  00005
___flge                    text10        0DBC8
___flge@ff1                cstackCOMRAM  0001D
___flge@ff2                cstackCOMRAM  00021
___flmul                   text14        0E4E0
___flmul@a                 cstackCOMRAM  00005
___flmul@aexp              cstackCOMRAM  00012
___flmul@b                 cstackCOMRAM  00001
___flmul@bexp              cstackCOMRAM  00013
___flmul@grs               cstackCOMRAM  0000E
___flmul@prod              cstackCOMRAM  00014
___flmul@sign              cstackCOMRAM  0000D
___flmul@temp              cstackCOMRAM  00018
___flsub                   text17        0D606
___flsub@a                 cstackCOMRAM  00015
___flsub@b                 cstackCOMRAM  00011
___fltol                   text9         0DCCC
___fltol@exp1              cstackCOMRAM  0000A
___fltol@f1                cstackCOMRAM  00001
___fltol@sign1             cstackCOMRAM  00009
___fpclassifyf             text13        0DACA
___fpclassifyf@F465        bssBANK0      000A1
___fpclassifyf@e           cstackCOMRAM  00009
___fpclassifyf@u           cstackCOMRAM  0000B
___fpclassifyf@x           cstackCOMRAM  00001
___heap_hi                 (abs)         00000
___heap_lo                 (abs)         00000
___inthi_sp                stack         00000
___intlo_sp                stack         00000
___param_bank              (abs)         00000
___rparam_used             (abs)         00001
___sp                      stack         00000
___xxtofl                  text8         0DDD2
___xxtofl@arg              cstackCOMRAM  00019
___xxtofl@exp              cstackCOMRAM  00018
___xxtofl@sign             cstackCOMRAM  00017
___xxtofl@val              cstackCOMRAM  0000F
__accesstop                (abs)         00060
__activetblptr             (abs)         00000
__end_of___fladd           text18        0EDCA
__end_of___fldiv           text15        0E4E0
__end_of___fleq            text11        0D9E4
__end_of___flge            text10        0DCCC
__end_of___flmul           text14        0E90A
__end_of___flsub           text17        0D64C
__end_of___fltol           text9         0DDD2
__end_of___fpclassifyf     text13        0DBC8
__end_of___xxtofl          text8         0DF86
__end_of__initialization   cinit         0D5C0
__end_of_abs               text16        0D606
__end_of_fmodf             text12        0F45E
__end_of_main              text0         0D6B6
__end_of_mmaxisconversion  text7         0E146
__end_of_movedown          text6         0D734
__end_of_moveleft          text5         0D7B2
__end_of_moveright         text4         0D830
__end_of_moveup            text3         0D8AE
__end_of_position          text1         0FFF8
__end_of_servo             text2         0D93A
__initialization           cinit         0D594
__mediumconst              mediumconst   00000
__pbssBANK0                bssBANK0      000A1
__pcinit                   cinit         0D594
__pcstackBANK0             cstackBANK0   00060
__pcstackBANK1             cstackBANK1   00100
__pcstackCOMRAM            cstackCOMRAM  00001
__pdataBANK2               dataBANK2     00200
__pidataBANK2              idataBANK2    0D9E4
__ptext0                   text0         0D64C
__ptext1                   text1         0F45E
__ptext10                  text10        0DBC8
__ptext11                  text11        0D93A
__ptext12                  text12        0EDCA
__ptext13                  text13        0DACA
__ptext14                  text14        0E4E0
__ptext15                  text15        0E146
__ptext16                  text16        0D5C6
__ptext17                  text17        0D606
__ptext18                  text18        0E90A
__ptext2                   text2         0D8AE
__ptext3                   text3         0D830
__ptext4                   text4         0D7B2
__ptext5                   text5         0D734
__ptext6                   text6         0D6B6
__ptext7                   text7         0DF86
__ptext8                   text8         0DDD2
__ptext9                   text9         0DCCC
__ramtop                   ramtop        01000
__smallconst               smallconst    00000
_abs                       text16        0D5C6
_currposx                  bssBANK0      000B1
_currposy                  bssBANK0      000AD
_fmodf                     text12        0EDCA
_main                      text0         0D64C
_mmaxisconversion          text7         0DF86
_movedown                  text6         0D6B6
_moveleft                  text5         0D734
_moveright                 text4         0D7B2
_moveup                    text3         0D830
_position                  text1         0F45E
_position$803              cstackBANK0   00071
_servo                     text2         0D8AE
abs@a                      cstackCOMRAM  0000B
end_of_initialization      cinit         0D5C0
fmodf@F466                 bssBANK0      000A9
fmodf@F468                 bssBANK0      000A5
fmodf@ex                   cstackCOMRAM  0004D
fmodf@ey                   cstackCOMRAM  00047
fmodf@i                    cstackCOMRAM  00053
fmodf@sx                   cstackCOMRAM  00043
fmodf@ux                   cstackCOMRAM  00049
fmodf@uxi                  cstackCOMRAM  00057
fmodf@uy                   cstackCOMRAM  0004F
fmodf@x                    cstackCOMRAM  00033
fmodf@y                    cstackCOMRAM  00037
intlevel0                  text          00000
intlevel1                  text          00000
intlevel2                  text          00000
intlevel3                  text          00000
isa$std                    (abs)         00001
isa$xinst                  (abs)         00000
main@F6349                 dataBANK2     00200
main@gcode                 cstackBANK1   00100
main@size                  cstackBANK1   001E6
mmaxisconversion@inp       cstackCOMRAM  00033
mmaxisconversion@out       cstackCOMRAM  00037
mmaxisconversion@p         cstackCOMRAM  0003B
mmaxisconversion@remainder cstackCOMRAM  0003F
movedown@i                 cstackCOMRAM  00048
movedown@steps             cstackCOMRAM  00043
moveleft@i                 cstackCOMRAM  00048
moveleft@steps             cstackCOMRAM  00043
moveright@i                cstackCOMRAM  00048
moveright@steps            cstackCOMRAM  00043
moveup@i                   cstackCOMRAM  00048
moveup@steps               cstackCOMRAM  00043
position@arrayinput        cstackCOMRAM  0005B
position@arraysize         cstackCOMRAM  0005D
position@decimal           cstackBANK0   0009B
position@decimalcheck      cstackBANK0   00075
position@decimaleq         cstackBANK0   0008F
position@decimaleqy        cstackBANK0   00093
position@decimaly          cstackBANK0   00097
position@exp               cstackBANK0   00077
position@holds             cstackBANK0   0008B
position@j                 cstackBANK0   00067
position@o                 cstackBANK0   0009F
position@p                 cstackBANK0   0006D
position@p_110             cstackBANK0   0006F
position@posholderx        cstackBANK0   0007F
position@posholdery        cstackBANK0   00083
position@positive          cstackBANK0   00063
position@remainder         cstackBANK0   00087
position@t                 cstackBANK0   0006B
position@xcheck            cstackBANK0   0007B
position@ycheck            cstackBANK0   0007D
position@zcheck            cstackBANK0   00079
servo@i                    cstackCOMRAM  00004
servo@pos                  cstackCOMRAM  00001
stackhi                    (abs)         00000
stacklo                    (abs)         00000
start                      init          00000
start_initialization       cinit         0D594


MODULE INFORMATION

Module		Function		Class		Link	Load	Size
C:\Program Files\Microchip\xc8\v2.40\pic\sources\c99\common\sprcmul.c
		___flmul       		CODE           	E4E0	0000	1066

C:\Program Files\Microchip\xc8\v2.40\pic\sources\c99\common\sprcmul.c estimated size: 1066

C:\Program Files\Microchip\xc8\v2.40\pic\sources\c99\common\sprcdiv.c
		___fldiv       		CODE           	E146	0000	922

C:\Program Files\Microchip\xc8\v2.40\pic\sources\c99\common\sprcdiv.c estimated size: 922

C:\Program Files\Microchip\xc8\v2.40\pic\sources\c99\common\fmodf.c
		_fmodf         		CODE           	EDCA	0000	1684

C:\Program Files\Microchip\xc8\v2.40\pic\sources\c99\common\fmodf.c estimated size: 1684

C:\Program Files\Microchip\xc8\v2.40\pic\sources\c99\common\fltol.c
		___fltol       		CODE           	DCCC	0000	262

C:\Program Files\Microchip\xc8\v2.40\pic\sources\c99\common\fltol.c estimated size: 262

C:\Program Files\Microchip\xc8\v2.40\pic\sources\c99\common\fleq.c
		___fleq        		CODE           	D93A	0000	170

C:\Program Files\Microchip\xc8\v2.40\pic\sources\c99\common\fleq.c estimated size: 170

C:\Program Files\Microchip\xc8\v2.40\pic\sources\c99\common\abs.c
		_abs           		CODE           	D5C6	0000	64

C:\Program Files\Microchip\xc8\v2.40\pic\sources\c99\common\abs.c estimated size: 64

C:\Program Files\Microchip\xc8\v2.40\pic\sources\c99\common\__fpclassifyf.c
		___fpclassifyf 		CODE           	DACA	0000	254

C:\Program Files\Microchip\xc8\v2.40\pic\sources\c99\common\__fpclassifyf.c estimated size: 254

C:\Program Files\Microchip\xc8\v2.40\pic\sources\c99\common\sprcadd.c
		___flsub       		CODE           	D606	0000	70
		___fladd       		CODE           	E90A	0000	1216

C:\Program Files\Microchip\xc8\v2.40\pic\sources\c99\common\sprcadd.c estimated size: 1286

newmain.c
		_moveup        		CODE           	D830	0000	126
		_position      		CODE           	F45E	0000	2970
		_main          		CODE           	D64C	0000	106
		_servo         		CODE           	D8AE	0000	140
		_movedown      		CODE           	D6B6	0000	126
		_moveleft      		CODE           	D734	0000	126
		_moveright     		CODE           	D7B2	0000	126
		_mmaxisconversion		CODE           	DF86	0000	448

newmain.c estimated size: 4168

C:\Program Files\Microchip\xc8\v2.40\pic\sources\c99\common\xxtofl.c
		___xxtofl      		CODE           	DDD2	0000	436

C:\Program Files\Microchip\xc8\v2.40\pic\sources\c99\common\xxtofl.c estimated size: 436

shared
		__initialization		CODE           	D594	0000	44

shared estimated size: 44

C:\Program Files\Microchip\xc8\v2.40\pic\sources\c99\common\flge.c
		___flge        		CODE           	DBC8	0000	260

C:\Program Files\Microchip\xc8\v2.40\pic\sources\c99\common\flge.c estimated size: 260

