Microchip MPLAB XC8 Compiler V2.40

Linker command line:

-W-3 \
  --edf=C:\Program Files\Microchip\xc8\v2.40\pic\dat\20220703182018_en.msgs \
  -cn -h+dist/default/production\SeniorDeisgnpickit4.X.production.sym \
  --cmf=dist/default/production\SeniorDeisgnpickit4.X.production.cmf -z \
  -Q18F46J50 -oC:\Users\fredn\AppData\Local\Temp\xcAsgeg.5 \
  --defsym=__MPLAB_BUILD=1 --fixupoverflow=error \
  -Mdist/default/production/SeniorDeisgnpickit4.X.production.map \
  --md=C:\Users\fredn\AppData\Local\Temp\xcBsgeg.dat -E1 -ver=XC8 Compiler \
  --acfsm=1493 -ACODE=00h-0FFF7h -ACONST=00h-0FFF7h \
  -ASMALLCONST=01000h-010FFhx239,0FF00h-0FFF7h -AMEDIUMCONST=01000h-0FFF7h \
  -ACOMRAM=01h-05Fh -AABS1=00h-0EBFh -ABIGRAM=01h-0EBFh \
  -ARAM=060h-0FFh,0100h-01FFhx13,0E00h-0EBFh -ABANK0=060h-0FFh \
  -ABANK1=0100h-01FFh -ABANK2=0200h-02FFh -ABANK3=0300h-03FFh \
  -ABANK4=0400h-04FFh -ABANK5=0500h-05FFh -ABANK6=0600h-06FFh \
  -ABANK7=0700h-07FFh -ABANK8=0800h-08FFh -ABANK9=0900h-09FFh \
  -ABANK10=0A00h-0AFFh -ABANK11=0B00h-0BFFh -ABANK12=0C00h-0CFFh \
  -ABANK13=0D00h-0DFFh -ABANK14=0E00h-0EBFh \
  -ASFR=0EC0h-0EFFh,0F00h-0F5Fh,0F60h-0FFFh -ABIGSFR=0EC0h-0FFFh \
  -ACONFIG=0FFF8h-0FFFFh -preset_vec=00h,intcode,intcodelo,powerup,init \
  -pramtop=01000h -psmallconst=SMALLCONST -pmediumconst=MEDIUMCONST \
  -pconst=CONST -AFARRAM=00h-00h -pjflash_buffer=0F800h \
  -prdata=COMRAM,nvrram=COMRAM,nvbit=COMRAM,rbss=COMRAM,rbit=COMRAM \
  -pfarbss=FARRAM,fardata=FARRAM,nvFARRAM=FARRAM \
  -pintsave_regs=BIGRAM,bigbss=BIGRAM,bigdata=BIGRAM -pbss=RAM \
  -pidata=CODE,irdata=CODE,ibigdata=CODE,ifardata=CODE -prparam=COMRAM \
  C:\Users\fredn\AppData\Local\Temp\xcAsgeg.o \
  dist/default/production\SeniorDeisgnpickit4.X.production.o 

Object code version is 3.11

Machine type is 18F46J50



                Name                               Link     Load   Length Selector   Space Scale
C:\Users\fredn\AppData\Local\Temp\xcAsgeg.o
                config                             FFF8     FFF8        8        0       4
                init                                  0        0        4        0       0
dist/default/production\SeniorDeisgnpickit4.X.production.o
                config                             FFF8     FFF8        8        0       4
                mediumconst                        5C0E     5C0E     A3EA     2E07       0
                text19                             44A8     44A8      4C0     2254       0
                text18                             3200     3200       46     1900       0
                text17                             31C0     31C0       40     18E0       0
                text16                             3CE4     3CE4      39A     1E72       0
                text15                             407E     407E      42A     203F       0
                text14                             3668     3668       FE     1B34       0
                text13                             4968     4968      694     24B4       0
                text12                             3508     3508       AA     1A84       0
                text11                             3766     3766      104     1BB3       0
                text10                             386A     386A      106     1C35       0
                text9                              3970     3970      1B4     1CB8       0
                text8                              3B24     3B24      1C0     1D92       0
                text7                              329C     329C       78     194E       0
                text6                              3314     3314       78     198A       0
                text5                              338C     338C       78     19C6       0
                text4                              3404     3404       78     1A02       0
                text3                              347C     347C       8C     1A3E       0
                text2                              4FFC     4FFC      C12     27FE       0
                text1                              35B2     35B2       B6     1AD9       0
                text0                              3246     3246       56     1923       0
                cstackCOMRAM                          1        1       5E        1       1
                cstackBANK0                          60       60       45       60       1
                bssBANK0                             A5       A5       16       60       1
                cinit                              31AA     31AA       16     18D5       0

TOTAL           Name                               Link     Load   Length     Space
        CLASS   CODE           
                init                                  0        0        4         0
                text19                             44A8     44A8      4C0         0
                text18                             3200     3200       46         0
                text17                             31C0     31C0       40         0
                text16                             3CE4     3CE4      39A         0
                text15                             407E     407E      42A         0
                text14                             3668     3668       FE         0
                text13                             4968     4968      694         0
                text12                             3508     3508       AA         0
                text11                             3766     3766      104         0
                text10                             386A     386A      106         0
                text9                              3970     3970      1B4         0
                text8                              3B24     3B24      1C0         0
                text7                              329C     329C       78         0
                text6                              3314     3314       78         0
                text5                              338C     338C       78         0
                text4                              3404     3404       78         0
                text3                              347C     347C       8C         0
                text2                              4FFC     4FFC      C12         0
                text1                              35B2     35B2       B6         0
                text0                              3246     3246       56         0
                cinit                              31AA     31AA       16         0

        CLASS   CONST          

        CLASS   SMALLCONST     

        CLASS   MEDIUMCONST    
                mediumconst                        5C0E     5C0E     A3EA         0

        CLASS   COMRAM         
                cstackCOMRAM                          1        1       5E         1

        CLASS   ABS1           

        CLASS   BIGRAM         

        CLASS   RAM            

        CLASS   BANK0          
                cstackBANK0                          60       60       45         1
                bssBANK0                             A5       A5       16         1

        CLASS   BANK1          

        CLASS   BANK2          

        CLASS   BANK3          

        CLASS   BANK4          

        CLASS   BANK5          

        CLASS   BANK6          

        CLASS   BANK7          

        CLASS   BANK8          

        CLASS   BANK9          

        CLASS   BANK10         

        CLASS   BANK11         

        CLASS   BANK12         

        CLASS   BANK13         

        CLASS   BANK14         

        CLASS   SFR            

        CLASS   BIGSFR         

        CLASS   CONFIG         
                config                             FFF8     FFF8        8         4

        CLASS   FARRAM         

        CLASS   HEAP           

        CLASS   STACK          

        CLASS   IDLOC          



SEGMENTS        Name                           Load    Length   Top    Selector   Space  Class

                reset_vec                      000000  000004  000004         0       0  CODE    
                cstackCOMRAM                   000001  00005E  00005F         1       1  COMRAM  
                cstackBANK0                    000060  00005B  0000BB        60       1  BANK0   
                cinit                          0031AA  000016  0031C0      18D5       0  CODE    
                text17                         0031C0  000040  003200      18E0       0  CODE    
                text18                         003200  000046  003246      1900       0  CODE    
                text0                          003246  000056  00329C      1923       0  CODE    
                text7                          00329C  000078  003314      194E       0  CODE    
                text6                          003314  000078  00338C      198A       0  CODE    
                text5                          00338C  000078  003404      19C6       0  CODE    
                text4                          003404  000078  00347C      1A02       0  CODE    
                text3                          00347C  00008C  003508      1A3E       0  CODE    
                text12                         003508  0000AA  0035B2      1A84       0  CODE    
                text1                          0035B2  0000B6  003668      1AD9       0  CODE    
                text14                         003668  0000FE  003766      1B34       0  CODE    
                text11                         003766  000104  00386A      1BB3       0  CODE    
                text10                         00386A  000106  003970      1C35       0  CODE    
                text9                          003970  0001B4  003B24      1CB8       0  CODE    
                text8                          003B24  0001C0  003CE4      1D92       0  CODE    
                text16                         003CE4  00039A  00407E      1E72       0  CODE    
                text15                         00407E  00042A  0044A8      203F       0  CODE    
                text19                         0044A8  0004C0  004968      2254       0  CODE    
                text13                         004968  000694  004FFC      24B4       0  CODE    
                text2                          004FFC  000C12  005C0E      27FE       0  CODE    
                mediumconst                    005C0E  00A3EA  00FFF8      2E07       0  MEDIUMCO


UNUSED ADDRESS RANGES

        Name                Unused          Largest block    Delta
        BANK0            000BB-000FF              45
        BANK1            00100-001FF             100
        BANK10           00A00-00AFF             100
        BANK11           00B00-00BFF             100
        BANK12           00C00-00CFF             100
        BANK13           00D00-00DFF             100
        BANK14           00E00-00EBF              C0
        BANK2            00200-002FF             100
        BANK3            00300-003FF             100
        BANK4            00400-004FF             100
        BANK5            00500-005FF             100
        BANK6            00600-006FF             100
        BANK7            00700-007FF             100
        BANK8            00800-008FF             100
        BANK9            00900-009FF             100
        BIGRAM           0005F-0005F               1
                         000BB-00EBF             E05
        BIGSFR           00EC0-00FFF             140
        CODE             00004-031A9            31A6
        COMRAM           0005F-0005F               1
        CONST            00004-031A9            31A6
        MEDIUMCONST      01000-031A9            21AA
        RAM              000BB-00EBF             100
        SFR              00EC0-00FFF              60
        SMALLCONST       01000-031A9             100

                                  Symbol Table

?___fladd                  cstackCOMRAM  00001
?___fldiv                  cstackCOMRAM  0001A
?___flmul                  cstackCOMRAM  00001
?___flsub                  cstackCOMRAM  00011
?___fltol                  cstackCOMRAM  00001
?___fpclassifyf            cstackCOMRAM  00001
?___xxtofl                 cstackCOMRAM  0000F
?_abs                      cstackCOMRAM  0000B
?_fmodf                    cstackCOMRAM  00033
?_mmaxisconversion         cstackCOMRAM  00033
_PORTB                     (abs)         00F81
_PORTC                     (abs)         00F82
_PORTD                     (abs)         00F83
_PORTE                     (abs)         00F84
_TRISB                     (abs)         00F93
_TRISC                     (abs)         00F94
_TRISD                     (abs)         00F95
_TRISE                     (abs)         00F96
__HRAM                     (abs)         00000
__Habs1                    abs1          00000
__Hbank0                   bank0         00000
__Hbank1                   bank1         00000
__Hbank10                  bank10        00000
__Hbank11                  bank11        00000
__Hbank12                  bank12        00000
__Hbank13                  bank13        00000
__Hbank14                  bank14        00000
__Hbank2                   bank2         00000
__Hbank3                   bank3         00000
__Hbank4                   bank4         00000
__Hbank5                   bank5         00000
__Hbank6                   bank6         00000
__Hbank7                   bank7         00000
__Hbank8                   bank8         00000
__Hbank9                   bank9         00000
__Hbigbss                  bigbss        00000
__Hbigdata                 bigdata       00000
__Hbigram                  bigram        00000
__Hbigsfr                  bigsfr        00000
__Hbss                     bss           00000
__HbssBANK0                bssBANK0      00000
__Hcinit                   cinit         00000
__Hclrtext                 clrtext       00000
__Hcomram                  comram        00000
__Hconfig                  config        10000
__Hconst                   const         00000
__HcstackBANK0             cstackBANK0   00000
__HcstackCOMRAM            cstackCOMRAM  00000
__Hdata                    data          00000
__Hfarbss                  farbss        00000
__Hfardata                 fardata       00000
__Hheap                    heap          00000
__Hibigdata                ibigdata      00000
__Hidata                   idata         00000
__Hidloc                   idloc         00000
__Hifardata                ifardata      00000
__Hinit                    init          00004
__Hintcode                 intcode       00000
__Hintcode_body            intcode_body  00000
__Hintcodelo               intcodelo     00000
__Hintentry                intentry      00000
__Hintret                  intret        00000
__Hintsave_regs            intsave_regs  00000
__Hirdata                  irdata        00000
__Hjflash_buffer           jflash_buffer 0F800
__Hmediumconst             mediumconst   0FFF8
__HnvFARRAM                nvFARRAM      00000
__Hnvbit                   nvbit         00000
__Hnvrram                  nvrram        00000
__Hparam                   rparam        00000
__Hpowerup                 powerup       00000
__Hram                     ram           00000
__Hramtop                  ramtop        01000
__Hrbit                    rbit          00000
__Hrbss                    rbss          00000
__Hrdata                   rdata         00000
__Hreset_vec               reset_vec     00000
__Hrparam                  rparam        00000
__Hsfr                     sfr           00000
__Hsmallconst              smallconst    00000
__Hspace_0                 (abs)         0FFF8
__Hspace_1                 (abs)         000BB
__Hspace_2                 (abs)         00000
__Hspace_4                 (abs)         1FFF8
__Hstack                   stack         00000
__Hstruct                  struct        00000
__Htemp                    temp          00000
__Htext                    text          00000
__Htext0                   text0         00000
__Htext1                   text1         00000
__Htext10                  text10        00000
__Htext11                  text11        00000
__Htext12                  text12        00000
__Htext13                  text13        00000
__Htext14                  text14        00000
__Htext15                  text15        00000
__Htext16                  text16        00000
__Htext17                  text17        00000
__Htext18                  text18        00000
__Htext19                  text19        00000
__Htext2                   text2         00000
__Htext3                   text3         00000
__Htext4                   text4         00000
__Htext5                   text5         00000
__Htext6                   text6         00000
__Htext7                   text7         00000
__Htext8                   text8         00000
__Htext9                   text9         00000
__LRAM                     (abs)         00001
__Labs1                    abs1          00000
__Lbank0                   bank0         00000
__Lbank1                   bank1         00000
__Lbank10                  bank10        00000
__Lbank11                  bank11        00000
__Lbank12                  bank12        00000
__Lbank13                  bank13        00000
__Lbank14                  bank14        00000
__Lbank2                   bank2         00000
__Lbank3                   bank3         00000
__Lbank4                   bank4         00000
__Lbank5                   bank5         00000
__Lbank6                   bank6         00000
__Lbank7                   bank7         00000
__Lbank8                   bank8         00000
__Lbank9                   bank9         00000
__Lbigbss                  bigbss        00000
__Lbigdata                 bigdata       00000
__Lbigram                  bigram        00000
__Lbigsfr                  bigsfr        00000
__Lbss                     bss           00000
__LbssBANK0                bssBANK0      00000
__Lcinit                   cinit         00000
__Lclrtext                 clrtext       00000
__Lcomram                  comram        00000
__Lconfig                  config        00000
__Lconst                   const         00000
__LcstackBANK0             cstackBANK0   00000
__LcstackCOMRAM            cstackCOMRAM  00000
__Ldata                    data          00000
__Lfarbss                  farbss        00000
__Lfardata                 fardata       00000
__Lheap                    heap          00000
__Libigdata                ibigdata      00000
__Lidata                   idata         00000
__Lidloc                   idloc         00000
__Lifardata                ifardata      00000
__Linit                    init          00000
__Lintcode                 intcode       00000
__Lintcode_body            intcode_body  00000
__Lintcodelo               intcodelo     00000
__Lintentry                intentry      00000
__Lintret                  intret        00000
__Lintsave_regs            intsave_regs  00000
__Lirdata                  irdata        00000
__Ljflash_buffer           jflash_buffer 0F800
__Lmediumconst             mediumconst   05C0E
__LnvFARRAM                nvFARRAM      00000
__Lnvbit                   nvbit         00000
__Lnvrram                  nvrram        00000
__Lparam                   rparam        00000
__Lpowerup                 powerup       00000
__Lram                     ram           00000
__Lramtop                  ramtop        01000
__Lrbit                    rbit          00000
__Lrbss                    rbss          00000
__Lrdata                   rdata         00000
__Lreset_vec               reset_vec     00000
__Lrparam                  rparam        00000
__Lsfr                     sfr           00000
__Lsmallconst              smallconst    00000
__Lspace_0                 (abs)         00000
__Lspace_1                 (abs)         00000
__Lspace_2                 (abs)         00000
__Lspace_4                 (abs)         00000
__Lstack                   stack         00000
__Lstruct                  struct        00000
__Ltemp                    temp          00000
__Ltext                    text          00000
__Ltext0                   text0         00000
__Ltext1                   text1         00000
__Ltext10                  text10        00000
__Ltext11                  text11        00000
__Ltext12                  text12        00000
__Ltext13                  text13        00000
__Ltext14                  text14        00000
__Ltext15                  text15        00000
__Ltext16                  text16        00000
__Ltext17                  text17        00000
__Ltext18                  text18        00000
__Ltext19                  text19        00000
__Ltext2                   text2         00000
__Ltext3                   text3         00000
__Ltext4                   text4         00000
__Ltext5                   text5         00000
__Ltext6                   text6         00000
__Ltext7                   text7         00000
__Ltext8                   text8         00000
__Ltext9                   text9         00000
__S0                       (abs)         0FFF8
__S1                       (abs)         000BB
__S4                       (abs)         00000
___fladd                   text19        044A8
___fladd@a                 cstackCOMRAM  00005
___fladd@aexp              cstackCOMRAM  0000E
___fladd@b                 cstackCOMRAM  00001
___fladd@bexp              cstackCOMRAM  0000F
___fladd@grs               cstackCOMRAM  00010
___fladd@signs             cstackCOMRAM  0000D
___fldiv                   text16        03CE4
___fldiv@a                 cstackCOMRAM  0001E
___fldiv@aexp              cstackCOMRAM  00032
___fldiv@b                 cstackCOMRAM  0001A
___fldiv@bexp              cstackCOMRAM  00031
___fldiv@grs               cstackCOMRAM  0002D
___fldiv@new_exp           cstackCOMRAM  0002B
___fldiv@rem               cstackCOMRAM  00026
___fldiv@sign              cstackCOMRAM  0002A
___fleq                    text12        03508
___fleq@ff1                cstackCOMRAM  00001
___fleq@ff2                cstackCOMRAM  00005
___flge                    text11        03766
___flge@ff1                cstackCOMRAM  0001D
___flge@ff2                cstackCOMRAM  00021
___flmul                   text15        0407E
___flmul@a                 cstackCOMRAM  00005
___flmul@aexp              cstackCOMRAM  00012
___flmul@b                 cstackCOMRAM  00001
___flmul@bexp              cstackCOMRAM  00013
___flmul@grs               cstackCOMRAM  0000E
___flmul@prod              cstackCOMRAM  00014
___flmul@sign              cstackCOMRAM  0000D
___flmul@temp              cstackCOMRAM  00018
___flsub                   text18        03200
___flsub@a                 cstackCOMRAM  00015
___flsub@b                 cstackCOMRAM  00011
___fltol                   text10        0386A
___fltol@exp1              cstackCOMRAM  0000A
___fltol@f1                cstackCOMRAM  00001
___fltol@sign1             cstackCOMRAM  00009
___fpclassifyf             text14        03668
___fpclassifyf@F465        bssBANK0      000A5
___fpclassifyf@e           cstackCOMRAM  00009
___fpclassifyf@u           cstackCOMRAM  0000B
___fpclassifyf@x           cstackCOMRAM  00001
___heap_hi                 (abs)         00000
___heap_lo                 (abs)         00000
___inthi_sp                stack         00000
___intlo_sp                stack         00000
___param_bank              (abs)         00000
___rparam_used             (abs)         00001
___sp                      stack         00000
___xxtofl                  text9         03970
___xxtofl@arg              cstackCOMRAM  00019
___xxtofl@exp              cstackCOMRAM  00018
___xxtofl@sign             cstackCOMRAM  00017
___xxtofl@val              cstackCOMRAM  0000F
__accesstop                (abs)         00060
__activetblptr             (abs)         00002
__end_of___fladd           text19        04968
__end_of___fldiv           text16        0407E
__end_of___fleq            text12        035B2
__end_of___flge            text11        0386A
__end_of___flmul           text15        044A8
__end_of___flsub           text18        03246
__end_of___fltol           text10        03970
__end_of___fpclassifyf     text14        03766
__end_of___xxtofl          text9         03B24
__end_of__initialization   cinit         031B6
__end_of_abs               text17        03200
__end_of_fmodf             text13        04FFC
__end_of_gcode             mediumconst   0FFF5
__end_of_main              text0         0329C
__end_of_mmaxisconversion  text8         03CE4
__end_of_movedown          text7         03314
__end_of_moveleft          text6         0338C
__end_of_moveright         text5         03404
__end_of_moveup            text4         0347C
__end_of_position          text2         05C0E
__end_of_returntoorigin    text1         03668
__end_of_servo             text3         03508
__end_of_tiny              mediumconst   05C13
__initialization           cinit         031AA
__mediumconst              mediumconst   05C0E
__pbssBANK0                bssBANK0      000A5
__pcinit                   cinit         031AA
__pcstackBANK0             cstackBANK0   00060
__pcstackCOMRAM            cstackCOMRAM  00001
__pmediumconst             mediumconst   05C0E
__ptext0                   text0         03246
__ptext1                   text1         035B2
__ptext10                  text10        0386A
__ptext11                  text11        03766
__ptext12                  text12        03508
__ptext13                  text13        04968
__ptext14                  text14        03668
__ptext15                  text15        0407E
__ptext16                  text16        03CE4
__ptext17                  text17        031C0
__ptext18                  text18        03200
__ptext19                  text19        044A8
__ptext2                   text2         04FFC
__ptext3                   text3         0347C
__ptext4                   text4         03404
__ptext5                   text5         0338C
__ptext6                   text6         03314
__ptext7                   text7         0329C
__ptext8                   text8         03B24
__ptext9                   text9         03970
__ramtop                   ramtop        01000
__smallconst               smallconst    00000
_abs                       text17        031C0
_currposx                  bssBANK0      000B5
_currposy                  bssBANK0      000B1
_errno                     bssBANK0      000B9
_fmodf                     text13        04968
_gcode                     mediumconst   05C13
_main                      text0         03246
_mmaxisconversion          text8         03B24
_movedown                  text7         0329C
_moveleft                  text6         03314
_moveright                 text5         0338C
_moveup                    text4         03404
_position                  text2         04FFC
_position$857              cstackBANK0   00073
_returntoorigin            text1         035B2
_servo                     text3         0347C
abs@a                      cstackCOMRAM  0000B
end_of_initialization      cinit         031B6
fmodf@F466                 bssBANK0      000AD
fmodf@F468                 bssBANK0      000A9
fmodf@ex                   cstackCOMRAM  0004D
fmodf@ey                   cstackCOMRAM  00047
fmodf@i                    cstackCOMRAM  00053
fmodf@sx                   cstackCOMRAM  00043
fmodf@ux                   cstackCOMRAM  00049
fmodf@uxi                  cstackCOMRAM  00057
fmodf@uy                   cstackCOMRAM  0004F
fmodf@x                    cstackCOMRAM  00033
fmodf@y                    cstackCOMRAM  00037
intlevel0                  text          00000
intlevel1                  text          00000
intlevel2                  text          00000
intlevel3                  text          00000
isa$std                    (abs)         00001
isa$xinst                  (abs)         00000
main@size                  cstackBANK0   000A3
mmaxisconversion@inp       cstackCOMRAM  00033
mmaxisconversion@out       cstackCOMRAM  00037
mmaxisconversion@p         cstackCOMRAM  0003B
mmaxisconversion@remainder cstackCOMRAM  0003F
movedown@i                 cstackCOMRAM  00047
movedown@steps             cstackCOMRAM  00043
moveleft@i                 cstackCOMRAM  00047
moveleft@steps             cstackCOMRAM  00043
moveright@i                cstackCOMRAM  00047
moveright@steps            cstackCOMRAM  00043
moveup@i                   cstackCOMRAM  00047
moveup@steps               cstackCOMRAM  00043
position@arrayinput        cstackCOMRAM  0005B
position@arraysize         cstackCOMRAM  0005D
position@decimal           cstackBANK0   0009D
position@decimalcheck      cstackBANK0   00079
position@decimaleq         cstackBANK0   00091
position@decimaleqy        cstackBANK0   00095
position@decimaly          cstackBANK0   00099
position@exp               cstackBANK0   00077
position@holds             cstackBANK0   0008D
position@j                 cstackBANK0   00069
position@o                 cstackBANK0   000A1
position@p                 cstackBANK0   0006F
position@p_131             cstackBANK0   00071
position@posholderx        cstackBANK0   00081
position@posholdery        cstackBANK0   00085
position@positive          cstackBANK0   00065
position@remainder         cstackBANK0   00089
position@t                 cstackBANK0   0006D
position@xcheck            cstackBANK0   0007B
position@ycheck            cstackBANK0   0007D
position@zcheck            cstackBANK0   0007F
servo@i                    cstackCOMRAM  00004
servo@pos                  cstackCOMRAM  00001
stackhi                    (abs)         00000
stacklo                    (abs)         00000
start                      init          00000
start_initialization       cinit         031AA


MODULE INFORMATION

Module		Function		Class		Link	Load	Size
C:\Program Files\Microchip\xc8\v2.40\pic\sources\c99\common\sprcmul.c
		___flmul       		CODE           	407E	0000	1066

C:\Program Files\Microchip\xc8\v2.40\pic\sources\c99\common\sprcmul.c estimated size: 1066

C:\Program Files\Microchip\xc8\v2.40\pic\sources\c99\common\sprcdiv.c
		___fldiv       		CODE           	3CE4	0000	922

C:\Program Files\Microchip\xc8\v2.40\pic\sources\c99\common\sprcdiv.c estimated size: 922

C:\Program Files\Microchip\xc8\v2.40\pic\sources\c99\common\fmodf.c
		_fmodf         		CODE           	4968	0000	1684

C:\Program Files\Microchip\xc8\v2.40\pic\sources\c99\common\fmodf.c estimated size: 1684

C:\Program Files\Microchip\xc8\v2.40\pic\sources\c99\common\fltol.c
		___fltol       		CODE           	386A	0000	262

C:\Program Files\Microchip\xc8\v2.40\pic\sources\c99\common\fltol.c estimated size: 262

C:\Program Files\Microchip\xc8\v2.40\pic\sources\c99\common\fleq.c
		___fleq        		CODE           	3508	0000	170

C:\Program Files\Microchip\xc8\v2.40\pic\sources\c99\common\fleq.c estimated size: 170

C:\Program Files\Microchip\xc8\v2.40\pic\sources\c99\common\abs.c
		_abs           		CODE           	31C0	0000	64

C:\Program Files\Microchip\xc8\v2.40\pic\sources\c99\common\abs.c estimated size: 64

C:\Program Files\Microchip\xc8\v2.40\pic\sources\c99\common\__fpclassifyf.c
		___fpclassifyf 		CODE           	3668	0000	254

C:\Program Files\Microchip\xc8\v2.40\pic\sources\c99\common\__fpclassifyf.c estimated size: 254

C:\Program Files\Microchip\xc8\v2.40\pic\sources\c99\common\sprcadd.c
		___flsub       		CODE           	3200	0000	70
		___fladd       		CODE           	44A8	0000	1216

C:\Program Files\Microchip\xc8\v2.40\pic\sources\c99\common\sprcadd.c estimated size: 1286

newmain.c
		_moveup        		CODE           	3404	0000	120
		_returntoorigin		CODE           	35B2	0000	182
		_position      		CODE           	4FFC	0000	3090
		_main          		CODE           	3246	0000	86
		_servo         		CODE           	347C	0000	140
		_movedown      		CODE           	329C	0000	120
		_moveleft      		CODE           	3314	0000	120
		_moveright     		CODE           	338C	0000	120
		_mmaxisconversion		CODE           	3B24	0000	448

newmain.c estimated size: 4426

C:\Program Files\Microchip\xc8\v2.40\pic\sources\c99\common\xxtofl.c
		___xxtofl      		CODE           	3970	0000	436

C:\Program Files\Microchip\xc8\v2.40\pic\sources\c99\common\xxtofl.c estimated size: 436

shared
		_gcode         		MEDIUMCONST    	5C13	0000	41954
		__initialization		CODE           	31AA	0000	12
		_tiny          		MEDIUMCONST    	0000	0000	0

shared estimated size: 41966

C:\Program Files\Microchip\xc8\v2.40\pic\sources\c99\common\flge.c
		___flge        		CODE           	3766	0000	260

C:\Program Files\Microchip\xc8\v2.40\pic\sources\c99\common\flge.c estimated size: 260

